<?xml version="1.0" encoding="utf-8"?>
<TestRun id="9073b7d6-1f2f-45e6-8513-8f0605f2fba0" name="ndkhuynh@NDKHUYNH 2024-12-12 22:54:00" runUser="NDKHUYNH\ndkhuynh" xmlns="http://microsoft.com/schemas/VisualStudio/TeamTest/2010">
  <Times creation="2024-12-12T22:54:00.8993412-05:00" queuing="2024-12-12T22:54:00.8993412-05:00" start="2024-12-12T22:54:00.6112964-05:00" finish="2024-12-12T22:54:00.9268492-05:00" />
  <TestSettings name="default" id="453c255d-5753-4cb7-8a1e-8b26177b9973">
    <Deployment runDeploymentRoot="ndkhuynh_NDKHUYNH_2024-12-12_22_54_00" />
  </TestSettings>
  <Results>
    <UnitTestResult executionId="4f4fed6e-464b-4b56-b676-1f71f17a1140" testId="46f2a797-db81-6052-ed2e-07f44ff798fc" testName="CanAddPackage_WhiteboxTest5" computerName="NDKHUYNH" duration="00:00:00.0000128" startTime="2024-12-12T22:54:00.8973405-05:00" endTime="2024-12-12T22:54:00.8973533-05:00" testType="13cdc9d9-ddb5-4fa4-a97d-d965ccfc6d4b" outcome="Passed" testListId="8c84fa94-04c1-424b-9868-57a2d4851a1d" relativeResultsDirectory="4f4fed6e-464b-4b56-b676-1f71f17a1140" />
    <UnitTestResult executionId="bc0a2203-8d96-455e-b287-8c74a6f2cfeb" testId="3c785b4c-2675-6f66-0fbd-c64f69126a61" testName="CapacityLeft_WhiteboxTest3" computerName="NDKHUYNH" duration="00:00:00.0000212" startTime="2024-12-12T22:54:00.8973405-05:00" endTime="2024-12-12T22:54:00.8973617-05:00" testType="13cdc9d9-ddb5-4fa4-a97d-d965ccfc6d4b" outcome="Passed" testListId="8c84fa94-04c1-424b-9868-57a2d4851a1d" relativeResultsDirectory="bc0a2203-8d96-455e-b287-8c74a6f2cfeb" />
    <UnitTestResult executionId="e3139bb0-5f86-4ac0-9d09-73bd311180e2" testId="bd7b8be0-46be-a0b8-0813-2ec125c68159" testName="CanAddPackage_WhiteboxTest2" computerName="NDKHUYNH" duration="00:00:00.0000132" startTime="2024-12-12T22:54:00.8973405-05:00" endTime="2024-12-12T22:54:00.8973537-05:00" testType="13cdc9d9-ddb5-4fa4-a97d-d965ccfc6d4b" outcome="Passed" testListId="8c84fa94-04c1-424b-9868-57a2d4851a1d" relativeResultsDirectory="e3139bb0-5f86-4ac0-9d09-73bd311180e2" />
    <UnitTestResult executionId="7cccf17b-5d66-49a2-ae58-14ace0e50df5" testId="d7e63dad-b677-aa28-32a6-e59b21bb520d" testName="AddRoute_WhiteboxTest1" computerName="NDKHUYNH" duration="00:00:00.0000033" startTime="2024-12-12T22:54:00.8983404-05:00" endTime="2024-12-12T22:54:00.8983437-05:00" testType="13cdc9d9-ddb5-4fa4-a97d-d965ccfc6d4b" outcome="Passed" testListId="8c84fa94-04c1-424b-9868-57a2d4851a1d" relativeResultsDirectory="7cccf17b-5d66-49a2-ae58-14ace0e50df5" />
    <UnitTestResult executionId="0d9e1125-409c-4352-9b07-a7ea2fc4fbb4" testId="502aab4e-d013-9f13-53b5-7b94db51a372" testName="PathCalculation_WhiteboxTest5" computerName="NDKHUYNH" duration="00:00:00.0000133" startTime="2024-12-12T22:54:00.8973405-05:00" endTime="2024-12-12T22:54:00.8973538-05:00" testType="13cdc9d9-ddb5-4fa4-a97d-d965ccfc6d4b" outcome="Passed" testListId="8c84fa94-04c1-424b-9868-57a2d4851a1d" relativeResultsDirectory="0d9e1125-409c-4352-9b07-a7ea2fc4fbb4" />
    <UnitTestResult executionId="544833ad-aac8-4572-bcd4-533d0fd12ee1" testId="222a585a-e090-4c41-2cb3-9169cb727606" testName="GetPossibleMoves_EdgePointTest" computerName="NDKHUYNH" duration="00:00:00.0000134" startTime="2024-12-12T22:54:00.8983404-05:00" endTime="2024-12-12T22:54:00.8983538-05:00" testType="13cdc9d9-ddb5-4fa4-a97d-d965ccfc6d4b" outcome="Passed" testListId="8c84fa94-04c1-424b-9868-57a2d4851a1d" relativeResultsDirectory="544833ad-aac8-4572-bcd4-533d0fd12ee1" />
    <UnitTestResult executionId="c9e0d742-0eb8-45f7-9b13-af3881d5289a" testId="7c6948e0-4730-e6a1-50c9-1686dfa66ed8" testName="AddPackage_WhiteboxTest2" computerName="NDKHUYNH" duration="00:00:00.0000592" startTime="2024-12-12T22:54:00.8933722-05:00" endTime="2024-12-12T22:54:00.8934314-05:00" testType="13cdc9d9-ddb5-4fa4-a97d-d965ccfc6d4b" outcome="Passed" testListId="8c84fa94-04c1-424b-9868-57a2d4851a1d" relativeResultsDirectory="c9e0d742-0eb8-45f7-9b13-af3881d5289a" />
    <UnitTestResult executionId="81664f89-378c-4e68-b746-a44c7630677f" testId="4ba3e5f1-0d31-7729-4cd4-98b1e6fbc067" testName="AddPackage_WhiteboxTest5" computerName="NDKHUYNH" duration="00:00:00.0000148" startTime="2024-12-12T22:54:00.8963411-05:00" endTime="2024-12-12T22:54:00.8963559-05:00" testType="13cdc9d9-ddb5-4fa4-a97d-d965ccfc6d4b" outcome="Passed" testListId="8c84fa94-04c1-424b-9868-57a2d4851a1d" relativeResultsDirectory="81664f89-378c-4e68-b746-a44c7630677f" />
    <UnitTestResult executionId="22a66b22-7d4b-4e06-ac32-1da12f278bbe" testId="dc9aaf32-70e0-80d3-03b1-18393051f757" testName="FindTruck_WhiteboxTest3" computerName="NDKHUYNH" duration="00:00:00.0000139" startTime="2024-12-12T22:54:00.8933722-05:00" endTime="2024-12-12T22:54:00.8933861-05:00" testType="13cdc9d9-ddb5-4fa4-a97d-d965ccfc6d4b" outcome="Passed" testListId="8c84fa94-04c1-424b-9868-57a2d4851a1d" relativeResultsDirectory="22a66b22-7d4b-4e06-ac32-1da12f278bbe" />
    <UnitTestResult executionId="9c9e223c-a79b-456f-9706-2c78d3004c52" testId="0ab66137-dcd6-6e27-55c7-b99b06dac8f0" testName="AddPackageTest" computerName="NDKHUYNH" duration="00:00:00.0001693" startTime="2024-12-12T22:54:00.8923344-05:00" endTime="2024-12-12T22:54:00.8925037-05:00" testType="13cdc9d9-ddb5-4fa4-a97d-d965ccfc6d4b" outcome="Passed" testListId="8c84fa94-04c1-424b-9868-57a2d4851a1d" relativeResultsDirectory="9c9e223c-a79b-456f-9706-2c78d3004c52" />
    <UnitTestResult executionId="68e42e6a-926f-44a0-a608-2669b82271a7" testId="88e3319b-14de-f210-3671-59c8405eb719" testName="FindTruck_WhiteboxTest4" computerName="NDKHUYNH" duration="00:00:00.0000142" startTime="2024-12-12T22:54:00.8933722-05:00" endTime="2024-12-12T22:54:00.8933864-05:00" testType="13cdc9d9-ddb5-4fa4-a97d-d965ccfc6d4b" outcome="Passed" testListId="8c84fa94-04c1-424b-9868-57a2d4851a1d" relativeResultsDirectory="68e42e6a-926f-44a0-a608-2669b82271a7" />
    <UnitTestResult executionId="b7da9b24-4d97-4ea9-a619-f1ae65a745bb" testId="f4146999-a9a3-532a-cea0-06f2b907e46a" testName="FindTruck_WhiteboxTest1" computerName="NDKHUYNH" duration="00:00:00.0000209" startTime="2024-12-12T22:54:00.8933722-05:00" endTime="2024-12-12T22:54:00.8933931-05:00" testType="13cdc9d9-ddb5-4fa4-a97d-d965ccfc6d4b" outcome="Passed" testListId="8c84fa94-04c1-424b-9868-57a2d4851a1d" relativeResultsDirectory="b7da9b24-4d97-4ea9-a619-f1ae65a745bb" />
    <UnitTestResult executionId="d0273c22-40cb-4f95-8926-7f19b8cc6e8a" testId="203601d6-8854-1b47-4857-95c6afc7a262" testName="PathCalculation_WhiteboxTest2" computerName="NDKHUYNH" duration="00:00:00.0000156" startTime="2024-12-12T22:54:00.8973405-05:00" endTime="2024-12-12T22:54:00.8973561-05:00" testType="13cdc9d9-ddb5-4fa4-a97d-d965ccfc6d4b" outcome="Passed" testListId="8c84fa94-04c1-424b-9868-57a2d4851a1d" relativeResultsDirectory="d0273c22-40cb-4f95-8926-7f19b8cc6e8a" />
    <UnitTestResult executionId="a0a8b941-6bf8-4ad7-aaab-bf61f8cd2e9c" testId="4dadc1e2-e440-ca83-59ea-9ccdab26d82b" testName="CanAddPackage_WhiteboxTest4" computerName="NDKHUYNH" duration="00:00:00.0000127" startTime="2024-12-12T22:54:00.8973405-05:00" endTime="2024-12-12T22:54:00.8973532-05:00" testType="13cdc9d9-ddb5-4fa4-a97d-d965ccfc6d4b" outcome="Passed" testListId="8c84fa94-04c1-424b-9868-57a2d4851a1d" relativeResultsDirectory="a0a8b941-6bf8-4ad7-aaab-bf61f8cd2e9c" />
    <UnitTestResult executionId="72c8a226-5fd3-429a-a762-1f0b65ff0501" testId="dfa207e9-dd39-b559-5278-b9596764a61b" testName="PathCalculation_WhiteboxTest1" computerName="NDKHUYNH" duration="00:00:00.0000157" startTime="2024-12-12T22:54:00.8973405-05:00" endTime="2024-12-12T22:54:00.8973562-05:00" testType="13cdc9d9-ddb5-4fa4-a97d-d965ccfc6d4b" outcome="Passed" testListId="8c84fa94-04c1-424b-9868-57a2d4851a1d" relativeResultsDirectory="72c8a226-5fd3-429a-a762-1f0b65ff0501" />
    <UnitTestResult executionId="cee7aa2f-5c4e-40dc-a60c-31207ac5954a" testId="70516bec-eef8-f740-432c-013ab1168c39" testName="GetClosestPoint_WhiteboxTest" computerName="NDKHUYNH" duration="00:00:00.0000218" startTime="2024-12-12T22:54:00.8983404-05:00" endTime="2024-12-12T22:54:00.8983622-05:00" testType="13cdc9d9-ddb5-4fa4-a97d-d965ccfc6d4b" outcome="Passed" testListId="8c84fa94-04c1-424b-9868-57a2d4851a1d" relativeResultsDirectory="cee7aa2f-5c4e-40dc-a60c-31207ac5954a" />
    <UnitTestResult executionId="c0f9762b-4654-4830-9959-bca032847a2e" testId="6a1e98a8-1e68-bead-22f5-81319ef803e4" testName="AddPackage_WhiteboxTest3" computerName="NDKHUYNH" duration="00:00:00.0000277" startTime="2024-12-12T22:54:00.8963411-05:00" endTime="2024-12-12T22:54:00.8963688-05:00" testType="13cdc9d9-ddb5-4fa4-a97d-d965ccfc6d4b" outcome="Passed" testListId="8c84fa94-04c1-424b-9868-57a2d4851a1d" relativeResultsDirectory="c0f9762b-4654-4830-9959-bca032847a2e" />
    <UnitTestResult executionId="44317aff-fd5c-4be7-b1dc-8bd3e6d2e9d7" testId="07049e18-b0e4-558a-144d-533e4e9c56f2" testName="AddPackage_WhiteboxTest4" computerName="NDKHUYNH" duration="00:00:00.0000768" startTime="2024-12-12T22:54:00.8963411-05:00" endTime="2024-12-12T22:54:00.8964179-05:00" testType="13cdc9d9-ddb5-4fa4-a97d-d965ccfc6d4b" outcome="Passed" testListId="8c84fa94-04c1-424b-9868-57a2d4851a1d" relativeResultsDirectory="44317aff-fd5c-4be7-b1dc-8bd3e6d2e9d7" />
    <UnitTestResult executionId="da9be219-4a13-49b4-b717-7d6fdb01681f" testId="718069f6-be7d-ec11-b296-7cadb4a4058b" testName="CapacityLeft_WhiteboxTest1" computerName="NDKHUYNH" duration="00:00:00.0000780" startTime="2024-12-12T22:54:00.8963411-05:00" endTime="2024-12-12T22:54:00.8964191-05:00" testType="13cdc9d9-ddb5-4fa4-a97d-d965ccfc6d4b" outcome="Passed" testListId="8c84fa94-04c1-424b-9868-57a2d4851a1d" relativeResultsDirectory="da9be219-4a13-49b4-b717-7d6fdb01681f" />
    <UnitTestResult executionId="9f1de5e5-13f4-4d96-8151-f34903a4e181" testId="757522ad-e0c3-cdd3-9a37-cb915a1720c7" testName="CapacityLeft_WhiteboxTest2" computerName="NDKHUYNH" duration="00:00:00.0000621" startTime="2024-12-12T22:54:00.8973405-05:00" endTime="2024-12-12T22:54:00.8974026-05:00" testType="13cdc9d9-ddb5-4fa4-a97d-d965ccfc6d4b" outcome="Passed" testListId="8c84fa94-04c1-424b-9868-57a2d4851a1d" relativeResultsDirectory="9f1de5e5-13f4-4d96-8151-f34903a4e181" />
    <UnitTestResult executionId="80cee481-bc88-415d-a68c-8762c4fe5271" testId="18026ca5-dd67-c98e-02fe-b919c8253113" testName="PathCalculation_WhiteboxTest4" computerName="NDKHUYNH" duration="00:00:00.0000135" startTime="2024-12-12T22:54:00.8973405-05:00" endTime="2024-12-12T22:54:00.8973540-05:00" testType="13cdc9d9-ddb5-4fa4-a97d-d965ccfc6d4b" outcome="Passed" testListId="8c84fa94-04c1-424b-9868-57a2d4851a1d" relativeResultsDirectory="80cee481-bc88-415d-a68c-8762c4fe5271" />
    <UnitTestResult executionId="51670ee5-4ea7-4176-ad17-4abd791cd522" testId="98a06626-85b8-6f2e-9db3-2210eba4f287" testName="PathCalculation_WhiteboxTest3" computerName="NDKHUYNH" duration="00:00:00.0000135" startTime="2024-12-12T22:54:00.8973405-05:00" endTime="2024-12-12T22:54:00.8973540-05:00" testType="13cdc9d9-ddb5-4fa4-a97d-d965ccfc6d4b" outcome="Passed" testListId="8c84fa94-04c1-424b-9868-57a2d4851a1d" relativeResultsDirectory="51670ee5-4ea7-4176-ad17-4abd791cd522" />
    <UnitTestResult executionId="d48c0cca-c213-465d-9d5f-6f53c3015732" testId="c9254538-5d7f-dd99-25bd-ee0103ce8b75" testName="AddPackage_WhiteboxTest1" computerName="NDKHUYNH" duration="00:00:00.0000131" startTime="2024-12-12T22:54:00.8933722-05:00" endTime="2024-12-12T22:54:00.8933853-05:00" testType="13cdc9d9-ddb5-4fa4-a97d-d965ccfc6d4b" outcome="Passed" testListId="8c84fa94-04c1-424b-9868-57a2d4851a1d" relativeResultsDirectory="d48c0cca-c213-465d-9d5f-6f53c3015732" />
    <UnitTestResult executionId="595da2e6-fd10-48c9-9121-551b442d66f3" testId="b5bef3a0-b743-1807-f079-06174e61405e" testName="CapacityLeft_WhiteboxTest4" computerName="NDKHUYNH" duration="00:00:00.0000183" startTime="2024-12-12T22:54:00.8973405-05:00" endTime="2024-12-12T22:54:00.8973588-05:00" testType="13cdc9d9-ddb5-4fa4-a97d-d965ccfc6d4b" outcome="Passed" testListId="8c84fa94-04c1-424b-9868-57a2d4851a1d" relativeResultsDirectory="595da2e6-fd10-48c9-9121-551b442d66f3" />
    <UnitTestResult executionId="2a3caa9f-151b-449e-b700-8bee0a611f2e" testId="47aeac93-b782-8343-cb67-362b006a9c41" testName="GetPossibleMoves_MiddlePointTest" computerName="NDKHUYNH" duration="00:00:00.0000138" startTime="2024-12-12T22:54:00.8983404-05:00" endTime="2024-12-12T22:54:00.8983542-05:00" testType="13cdc9d9-ddb5-4fa4-a97d-d965ccfc6d4b" outcome="Passed" testListId="8c84fa94-04c1-424b-9868-57a2d4851a1d" relativeResultsDirectory="2a3caa9f-151b-449e-b700-8bee0a611f2e" />
    <UnitTestResult executionId="c080ced7-dfc7-43d0-ae67-654b221815f3" testId="410edcff-7c92-4374-d9f1-fd8b377b7aff" testName="ShortestPath_WhiteboxTest1" computerName="NDKHUYNH" duration="00:00:00.0000241" startTime="2024-12-12T22:54:00.8973405-05:00" endTime="2024-12-12T22:54:00.8973646-05:00" testType="13cdc9d9-ddb5-4fa4-a97d-d965ccfc6d4b" outcome="Passed" testListId="8c84fa94-04c1-424b-9868-57a2d4851a1d" relativeResultsDirectory="c080ced7-dfc7-43d0-ae67-654b221815f3" />
    <UnitTestResult executionId="c182a841-87ee-470b-bd64-3586cd473f50" testId="30f05fba-314c-1cf0-abfc-23daf6c2e464" testName="AddRoute_WhiteboxTest2" computerName="NDKHUYNH" duration="00:00:00.0000283" startTime="2024-12-12T22:54:00.8983404-05:00" endTime="2024-12-12T22:54:00.8983687-05:00" testType="13cdc9d9-ddb5-4fa4-a97d-d965ccfc6d4b" outcome="Passed" testListId="8c84fa94-04c1-424b-9868-57a2d4851a1d" relativeResultsDirectory="c182a841-87ee-470b-bd64-3586cd473f50" />
    <UnitTestResult executionId="4d9ca4f2-bda2-46b8-8161-773e83e20525" testId="f241ac4d-209d-c9e4-f105-21c24c773690" testName="CanAddPackage_WhiteboxTest3" computerName="NDKHUYNH" duration="00:00:00.0000132" startTime="2024-12-12T22:54:00.8973405-05:00" endTime="2024-12-12T22:54:00.8973537-05:00" testType="13cdc9d9-ddb5-4fa4-a97d-d965ccfc6d4b" outcome="Passed" testListId="8c84fa94-04c1-424b-9868-57a2d4851a1d" relativeResultsDirectory="4d9ca4f2-bda2-46b8-8161-773e83e20525" />
    <UnitTestResult executionId="5d1bcce8-45fe-4d34-abff-2f01fcb3d7e3" testId="b9b8abf8-05b6-2ac6-2374-51fcd6757f3f" testName="FindTruck_BlackboxTest1" computerName="NDKHUYNH" duration="00:00:00.0001260" startTime="2024-12-12T22:54:00.8863328-05:00" endTime="2024-12-12T22:54:00.8864588-05:00" testType="13cdc9d9-ddb5-4fa4-a97d-d965ccfc6d4b" outcome="Passed" testListId="8c84fa94-04c1-424b-9868-57a2d4851a1d" relativeResultsDirectory="5d1bcce8-45fe-4d34-abff-2f01fcb3d7e3" />
    <UnitTestResult executionId="f8cc7746-dc5a-4fc6-87e9-f636932acb14" testId="604c5929-7655-7d0b-bdaa-ecf7c0dde43a" testName="ShortestPath_BoundaryConditions" computerName="NDKHUYNH" duration="00:00:00.0000250" startTime="2024-12-12T22:54:00.8983404-05:00" endTime="2024-12-12T22:54:00.8983654-05:00" testType="13cdc9d9-ddb5-4fa4-a97d-d965ccfc6d4b" outcome="Passed" testListId="8c84fa94-04c1-424b-9868-57a2d4851a1d" relativeResultsDirectory="f8cc7746-dc5a-4fc6-87e9-f636932acb14" />
    <UnitTestResult executionId="6ba4aba9-3439-4ecc-8943-b7e053eed00a" testId="704bb894-101d-98c7-e823-d6d9a9b555b5" testName="FindTruck_WhiteboxTest2" computerName="NDKHUYNH" duration="00:00:00.0000148" startTime="2024-12-12T22:54:00.8933722-05:00" endTime="2024-12-12T22:54:00.8933870-05:00" testType="13cdc9d9-ddb5-4fa4-a97d-d965ccfc6d4b" outcome="Passed" testListId="8c84fa94-04c1-424b-9868-57a2d4851a1d" relativeResultsDirectory="6ba4aba9-3439-4ecc-8943-b7e053eed00a" />
    <UnitTestResult executionId="f57a2ae9-5ad2-49df-86f0-7dc847568790" testId="8a3ba3bd-a41e-7aa6-7b4d-fac1f19f322b" testName="ShortestPath_UnobstructedPath" computerName="NDKHUYNH" duration="00:00:00.0000521" startTime="2024-12-12T22:54:00.8983404-05:00" endTime="2024-12-12T22:54:00.8983925-05:00" testType="13cdc9d9-ddb5-4fa4-a97d-d965ccfc6d4b" outcome="Passed" testListId="8c84fa94-04c1-424b-9868-57a2d4851a1d" relativeResultsDirectory="f57a2ae9-5ad2-49df-86f0-7dc847568790" />
    <UnitTestResult executionId="224fa0c4-56c3-4371-8f9b-73b75778f353" testId="ccab0bb0-004c-559c-118e-8fabe04cdc6c" testName="CanAddPackage_WhiteboxTest1" computerName="NDKHUYNH" duration="00:00:00.0000134" startTime="2024-12-12T22:54:00.8973405-05:00" endTime="2024-12-12T22:54:00.8973539-05:00" testType="13cdc9d9-ddb5-4fa4-a97d-d965ccfc6d4b" outcome="Passed" testListId="8c84fa94-04c1-424b-9868-57a2d4851a1d" relativeResultsDirectory="224fa0c4-56c3-4371-8f9b-73b75778f353" />
    <UnitTestResult executionId="cba27537-6252-4b55-95fb-519176121c9e" testId="ef3a59d9-9109-eeaf-ca40-a11d0876e16a" testName="CapacityLeft_WhiteboxTest5" computerName="NDKHUYNH" duration="00:00:00.0000041" startTime="2024-12-12T22:54:00.8973405-05:00" endTime="2024-12-12T22:54:00.8973446-05:00" testType="13cdc9d9-ddb5-4fa4-a97d-d965ccfc6d4b" outcome="Passed" testListId="8c84fa94-04c1-424b-9868-57a2d4851a1d" relativeResultsDirectory="cba27537-6252-4b55-95fb-519176121c9e" />
    <UnitTestResult executionId="ea0d9ba1-52b1-4355-908a-0a3a66dd165c" testId="65502762-0330-95ff-2af8-014faf248bc2" testName="FindTruck_WhiteboxTest5" computerName="NDKHUYNH" duration="00:00:00.0000134" startTime="2024-12-12T22:54:00.8933722-05:00" endTime="2024-12-12T22:54:00.8933856-05:00" testType="13cdc9d9-ddb5-4fa4-a97d-d965ccfc6d4b" outcome="Passed" testListId="8c84fa94-04c1-424b-9868-57a2d4851a1d" relativeResultsDirectory="ea0d9ba1-52b1-4355-908a-0a3a66dd165c" />
  </Results>
  <TestDefinitions>
    <UnitTest name="CapacityLeft_WhiteboxTest4" storage="e:\seneca\sft221\root\fall2024---sft---nhh---1\source code\ms6\blackbox testing\informationtesting1\information\x64\debug\whiteboxtesting.dll" id="b5bef3a0-b743-1807-f079-06174e61405e">
      <Execution id="595da2e6-fd10-48c9-9121-551b442d66f3" />
      <TestMethod codeBase="E:\Seneca\SFT221\Root\Fall2024---SFT---NHH---1\Source Code\MS6\BlackBox Testing\InformationTesting1\information\x64\Debug\WhiteBoxTesting.dll" adapterTypeName="executor://cppunittestexecutor/v1" className="PostalCodeTests.WhiteBoxTestCases" name="PostalCodeTests::WhiteBoxTestCases::CapacityLeft_WhiteboxTest4" />
    </UnitTest>
    <UnitTest name="FindTruck_WhiteboxTest3" storage="e:\seneca\sft221\root\fall2024---sft---nhh---1\source code\ms6\blackbox testing\informationtesting1\information\x64\debug\whiteboxtesting.dll" id="dc9aaf32-70e0-80d3-03b1-18393051f757">
      <Execution id="22a66b22-7d4b-4e06-ac32-1da12f278bbe" />
      <TestMethod codeBase="E:\Seneca\SFT221\Root\Fall2024---SFT---NHH---1\Source Code\MS6\BlackBox Testing\InformationTesting1\information\x64\Debug\WhiteBoxTesting.dll" adapterTypeName="executor://cppunittestexecutor/v1" className="PostalCodeTests.WhiteBoxTestCases" name="PostalCodeTests::WhiteBoxTestCases::FindTruck_WhiteboxTest3" />
    </UnitTest>
    <UnitTest name="CapacityLeft_WhiteboxTest3" storage="e:\seneca\sft221\root\fall2024---sft---nhh---1\source code\ms6\blackbox testing\informationtesting1\information\x64\debug\whiteboxtesting.dll" id="3c785b4c-2675-6f66-0fbd-c64f69126a61">
      <Execution id="bc0a2203-8d96-455e-b287-8c74a6f2cfeb" />
      <TestMethod codeBase="E:\Seneca\SFT221\Root\Fall2024---SFT---NHH---1\Source Code\MS6\BlackBox Testing\InformationTesting1\information\x64\Debug\WhiteBoxTesting.dll" adapterTypeName="executor://cppunittestexecutor/v1" className="PostalCodeTests.WhiteBoxTestCases" name="PostalCodeTests::WhiteBoxTestCases::CapacityLeft_WhiteboxTest3" />
    </UnitTest>
    <UnitTest name="GetPossibleMoves_MiddlePointTest" storage="e:\seneca\sft221\root\fall2024---sft---nhh---1\source code\ms6\blackbox testing\informationtesting1\information\x64\debug\whiteboxtesting.dll" id="47aeac93-b782-8343-cb67-362b006a9c41">
      <Execution id="2a3caa9f-151b-449e-b700-8bee0a611f2e" />
      <TestMethod codeBase="E:\Seneca\SFT221\Root\Fall2024---SFT---NHH---1\Source Code\MS6\BlackBox Testing\InformationTesting1\information\x64\Debug\WhiteBoxTesting.dll" adapterTypeName="executor://cppunittestexecutor/v1" className="PostalCodeTests.WhiteBoxTestCases" name="PostalCodeTests::WhiteBoxTestCases::GetPossibleMoves_MiddlePointTest" />
    </UnitTest>
    <UnitTest name="AddPackage_WhiteboxTest3" storage="e:\seneca\sft221\root\fall2024---sft---nhh---1\source code\ms6\blackbox testing\informationtesting1\information\x64\debug\whiteboxtesting.dll" id="6a1e98a8-1e68-bead-22f5-81319ef803e4">
      <Execution id="c0f9762b-4654-4830-9959-bca032847a2e" />
      <TestMethod codeBase="E:\Seneca\SFT221\Root\Fall2024---SFT---NHH---1\Source Code\MS6\BlackBox Testing\InformationTesting1\information\x64\Debug\WhiteBoxTesting.dll" adapterTypeName="executor://cppunittestexecutor/v1" className="PostalCodeTests.WhiteBoxTestCases" name="PostalCodeTests::WhiteBoxTestCases::AddPackage_WhiteboxTest3" />
    </UnitTest>
    <UnitTest name="ShortestPath_BoundaryConditions" storage="e:\seneca\sft221\root\fall2024---sft---nhh---1\source code\ms6\blackbox testing\informationtesting1\information\x64\debug\whiteboxtesting.dll" id="604c5929-7655-7d0b-bdaa-ecf7c0dde43a">
      <Execution id="f8cc7746-dc5a-4fc6-87e9-f636932acb14" />
      <TestMethod codeBase="E:\Seneca\SFT221\Root\Fall2024---SFT---NHH---1\Source Code\MS6\BlackBox Testing\InformationTesting1\information\x64\Debug\WhiteBoxTesting.dll" adapterTypeName="executor://cppunittestexecutor/v1" className="PostalCodeTests.WhiteBoxTestCases" name="PostalCodeTests::WhiteBoxTestCases::ShortestPath_BoundaryConditions" />
    </UnitTest>
    <UnitTest name="FindTruck_BlackboxTest1" storage="e:\seneca\sft221\root\fall2024---sft---nhh---1\source code\ms6\blackbox testing\informationtesting1\information\x64\debug\whiteboxtesting.dll" id="b9b8abf8-05b6-2ac6-2374-51fcd6757f3f">
      <Execution id="5d1bcce8-45fe-4d34-abff-2f01fcb3d7e3" />
      <TestMethod codeBase="E:\Seneca\SFT221\Root\Fall2024---SFT---NHH---1\Source Code\MS6\BlackBox Testing\InformationTesting1\information\x64\Debug\WhiteBoxTesting.dll" adapterTypeName="executor://cppunittestexecutor/v1" className="PostalCodeTests.WhiteBoxTestCases" name="PostalCodeTests::WhiteBoxTestCases::FindTruck_BlackboxTest1" />
    </UnitTest>
    <UnitTest name="FindTruck_WhiteboxTest2" storage="e:\seneca\sft221\root\fall2024---sft---nhh---1\source code\ms6\blackbox testing\informationtesting1\information\x64\debug\whiteboxtesting.dll" id="704bb894-101d-98c7-e823-d6d9a9b555b5">
      <Execution id="6ba4aba9-3439-4ecc-8943-b7e053eed00a" />
      <TestMethod codeBase="E:\Seneca\SFT221\Root\Fall2024---SFT---NHH---1\Source Code\MS6\BlackBox Testing\InformationTesting1\information\x64\Debug\WhiteBoxTesting.dll" adapterTypeName="executor://cppunittestexecutor/v1" className="PostalCodeTests.WhiteBoxTestCases" name="PostalCodeTests::WhiteBoxTestCases::FindTruck_WhiteboxTest2" />
    </UnitTest>
    <UnitTest name="AddPackage_WhiteboxTest2" storage="e:\seneca\sft221\root\fall2024---sft---nhh---1\source code\ms6\blackbox testing\informationtesting1\information\x64\debug\whiteboxtesting.dll" id="7c6948e0-4730-e6a1-50c9-1686dfa66ed8">
      <Execution id="c9e0d742-0eb8-45f7-9b13-af3881d5289a" />
      <TestMethod codeBase="E:\Seneca\SFT221\Root\Fall2024---SFT---NHH---1\Source Code\MS6\BlackBox Testing\InformationTesting1\information\x64\Debug\WhiteBoxTesting.dll" adapterTypeName="executor://cppunittestexecutor/v1" className="PostalCodeTests.WhiteBoxTestCases" name="PostalCodeTests::WhiteBoxTestCases::AddPackage_WhiteboxTest2" />
    </UnitTest>
    <UnitTest name="GetPossibleMoves_EdgePointTest" storage="e:\seneca\sft221\root\fall2024---sft---nhh---1\source code\ms6\blackbox testing\informationtesting1\information\x64\debug\whiteboxtesting.dll" id="222a585a-e090-4c41-2cb3-9169cb727606">
      <Execution id="544833ad-aac8-4572-bcd4-533d0fd12ee1" />
      <TestMethod codeBase="E:\Seneca\SFT221\Root\Fall2024---SFT---NHH---1\Source Code\MS6\BlackBox Testing\InformationTesting1\information\x64\Debug\WhiteBoxTesting.dll" adapterTypeName="executor://cppunittestexecutor/v1" className="PostalCodeTests.WhiteBoxTestCases" name="PostalCodeTests::WhiteBoxTestCases::GetPossibleMoves_EdgePointTest" />
    </UnitTest>
    <UnitTest name="CanAddPackage_WhiteboxTest1" storage="e:\seneca\sft221\root\fall2024---sft---nhh---1\source code\ms6\blackbox testing\informationtesting1\information\x64\debug\whiteboxtesting.dll" id="ccab0bb0-004c-559c-118e-8fabe04cdc6c">
      <Execution id="224fa0c4-56c3-4371-8f9b-73b75778f353" />
      <TestMethod codeBase="E:\Seneca\SFT221\Root\Fall2024---SFT---NHH---1\Source Code\MS6\BlackBox Testing\InformationTesting1\information\x64\Debug\WhiteBoxTesting.dll" adapterTypeName="executor://cppunittestexecutor/v1" className="PostalCodeTests.WhiteBoxTestCases" name="PostalCodeTests::WhiteBoxTestCases::CanAddPackage_WhiteboxTest1" />
    </UnitTest>
    <UnitTest name="PathCalculation_WhiteboxTest5" storage="e:\seneca\sft221\root\fall2024---sft---nhh---1\source code\ms6\blackbox testing\informationtesting1\information\x64\debug\whiteboxtesting.dll" id="502aab4e-d013-9f13-53b5-7b94db51a372">
      <Execution id="0d9e1125-409c-4352-9b07-a7ea2fc4fbb4" />
      <TestMethod codeBase="E:\Seneca\SFT221\Root\Fall2024---SFT---NHH---1\Source Code\MS6\BlackBox Testing\InformationTesting1\information\x64\Debug\WhiteBoxTesting.dll" adapterTypeName="executor://cppunittestexecutor/v1" className="PostalCodeTests.WhiteBoxTestCases" name="PostalCodeTests::WhiteBoxTestCases::PathCalculation_WhiteboxTest5" />
    </UnitTest>
    <UnitTest name="PathCalculation_WhiteboxTest2" storage="e:\seneca\sft221\root\fall2024---sft---nhh---1\source code\ms6\blackbox testing\informationtesting1\information\x64\debug\whiteboxtesting.dll" id="203601d6-8854-1b47-4857-95c6afc7a262">
      <Execution id="d0273c22-40cb-4f95-8926-7f19b8cc6e8a" />
      <TestMethod codeBase="E:\Seneca\SFT221\Root\Fall2024---SFT---NHH---1\Source Code\MS6\BlackBox Testing\InformationTesting1\information\x64\Debug\WhiteBoxTesting.dll" adapterTypeName="executor://cppunittestexecutor/v1" className="PostalCodeTests.WhiteBoxTestCases" name="PostalCodeTests::WhiteBoxTestCases::PathCalculation_WhiteboxTest2" />
    </UnitTest>
    <UnitTest name="CanAddPackage_WhiteboxTest4" storage="e:\seneca\sft221\root\fall2024---sft---nhh---1\source code\ms6\blackbox testing\informationtesting1\information\x64\debug\whiteboxtesting.dll" id="4dadc1e2-e440-ca83-59ea-9ccdab26d82b">
      <Execution id="a0a8b941-6bf8-4ad7-aaab-bf61f8cd2e9c" />
      <TestMethod codeBase="E:\Seneca\SFT221\Root\Fall2024---SFT---NHH---1\Source Code\MS6\BlackBox Testing\InformationTesting1\information\x64\Debug\WhiteBoxTesting.dll" adapterTypeName="executor://cppunittestexecutor/v1" className="PostalCodeTests.WhiteBoxTestCases" name="PostalCodeTests::WhiteBoxTestCases::CanAddPackage_WhiteboxTest4" />
    </UnitTest>
    <UnitTest name="FindTruck_WhiteboxTest4" storage="e:\seneca\sft221\root\fall2024---sft---nhh---1\source code\ms6\blackbox testing\informationtesting1\information\x64\debug\whiteboxtesting.dll" id="88e3319b-14de-f210-3671-59c8405eb719">
      <Execution id="68e42e6a-926f-44a0-a608-2669b82271a7" />
      <TestMethod codeBase="E:\Seneca\SFT221\Root\Fall2024---SFT---NHH---1\Source Code\MS6\BlackBox Testing\InformationTesting1\information\x64\Debug\WhiteBoxTesting.dll" adapterTypeName="executor://cppunittestexecutor/v1" className="PostalCodeTests.WhiteBoxTestCases" name="PostalCodeTests::WhiteBoxTestCases::FindTruck_WhiteboxTest4" />
    </UnitTest>
    <UnitTest name="CanAddPackage_WhiteboxTest5" storage="e:\seneca\sft221\root\fall2024---sft---nhh---1\source code\ms6\blackbox testing\informationtesting1\information\x64\debug\whiteboxtesting.dll" id="46f2a797-db81-6052-ed2e-07f44ff798fc">
      <Execution id="4f4fed6e-464b-4b56-b676-1f71f17a1140" />
      <TestMethod codeBase="E:\Seneca\SFT221\Root\Fall2024---SFT---NHH---1\Source Code\MS6\BlackBox Testing\InformationTesting1\information\x64\Debug\WhiteBoxTesting.dll" adapterTypeName="executor://cppunittestexecutor/v1" className="PostalCodeTests.WhiteBoxTestCases" name="PostalCodeTests::WhiteBoxTestCases::CanAddPackage_WhiteboxTest5" />
    </UnitTest>
    <UnitTest name="ShortestPath_WhiteboxTest1" storage="e:\seneca\sft221\root\fall2024---sft---nhh---1\source code\ms6\blackbox testing\informationtesting1\information\x64\debug\whiteboxtesting.dll" id="410edcff-7c92-4374-d9f1-fd8b377b7aff">
      <Execution id="c080ced7-dfc7-43d0-ae67-654b221815f3" />
      <TestMethod codeBase="E:\Seneca\SFT221\Root\Fall2024---SFT---NHH---1\Source Code\MS6\BlackBox Testing\InformationTesting1\information\x64\Debug\WhiteBoxTesting.dll" adapterTypeName="executor://cppunittestexecutor/v1" className="PostalCodeTests.WhiteBoxTestCases" name="PostalCodeTests::WhiteBoxTestCases::ShortestPath_WhiteboxTest1" />
    </UnitTest>
    <UnitTest name="AddPackageTest" storage="e:\seneca\sft221\root\fall2024---sft---nhh---1\source code\ms6\blackbox testing\informationtesting1\information\x64\debug\whiteboxtesting.dll" id="0ab66137-dcd6-6e27-55c7-b99b06dac8f0">
      <Execution id="9c9e223c-a79b-456f-9706-2c78d3004c52" />
      <TestMethod codeBase="E:\Seneca\SFT221\Root\Fall2024---SFT---NHH---1\Source Code\MS6\BlackBox Testing\InformationTesting1\information\x64\Debug\WhiteBoxTesting.dll" adapterTypeName="executor://cppunittestexecutor/v1" className="PostalCodeTests.WhiteBoxTestCases" name="PostalCodeTests::WhiteBoxTestCases::AddPackageTest" />
    </UnitTest>
    <UnitTest name="ShortestPath_UnobstructedPath" storage="e:\seneca\sft221\root\fall2024---sft---nhh---1\source code\ms6\blackbox testing\informationtesting1\information\x64\debug\whiteboxtesting.dll" id="8a3ba3bd-a41e-7aa6-7b4d-fac1f19f322b">
      <Execution id="f57a2ae9-5ad2-49df-86f0-7dc847568790" />
      <TestMethod codeBase="E:\Seneca\SFT221\Root\Fall2024---SFT---NHH---1\Source Code\MS6\BlackBox Testing\InformationTesting1\information\x64\Debug\WhiteBoxTesting.dll" adapterTypeName="executor://cppunittestexecutor/v1" className="PostalCodeTests.WhiteBoxTestCases" name="PostalCodeTests::WhiteBoxTestCases::ShortestPath_UnobstructedPath" />
    </UnitTest>
    <UnitTest name="CapacityLeft_WhiteboxTest1" storage="e:\seneca\sft221\root\fall2024---sft---nhh---1\source code\ms6\blackbox testing\informationtesting1\information\x64\debug\whiteboxtesting.dll" id="718069f6-be7d-ec11-b296-7cadb4a4058b">
      <Execution id="da9be219-4a13-49b4-b717-7d6fdb01681f" />
      <TestMethod codeBase="E:\Seneca\SFT221\Root\Fall2024---SFT---NHH---1\Source Code\MS6\BlackBox Testing\InformationTesting1\information\x64\Debug\WhiteBoxTesting.dll" adapterTypeName="executor://cppunittestexecutor/v1" className="PostalCodeTests.WhiteBoxTestCases" name="PostalCodeTests::WhiteBoxTestCases::CapacityLeft_WhiteboxTest1" />
    </UnitTest>
    <UnitTest name="GetClosestPoint_WhiteboxTest" storage="e:\seneca\sft221\root\fall2024---sft---nhh---1\source code\ms6\blackbox testing\informationtesting1\information\x64\debug\whiteboxtesting.dll" id="70516bec-eef8-f740-432c-013ab1168c39">
      <Execution id="cee7aa2f-5c4e-40dc-a60c-31207ac5954a" />
      <TestMethod codeBase="E:\Seneca\SFT221\Root\Fall2024---SFT---NHH---1\Source Code\MS6\BlackBox Testing\InformationTesting1\information\x64\Debug\WhiteBoxTesting.dll" adapterTypeName="executor://cppunittestexecutor/v1" className="PostalCodeTests.WhiteBoxTestCases" name="PostalCodeTests::WhiteBoxTestCases::GetClosestPoint_WhiteboxTest" />
    </UnitTest>
    <UnitTest name="CapacityLeft_WhiteboxTest5" storage="e:\seneca\sft221\root\fall2024---sft---nhh---1\source code\ms6\blackbox testing\informationtesting1\information\x64\debug\whiteboxtesting.dll" id="ef3a59d9-9109-eeaf-ca40-a11d0876e16a">
      <Execution id="cba27537-6252-4b55-95fb-519176121c9e" />
      <TestMethod codeBase="E:\Seneca\SFT221\Root\Fall2024---SFT---NHH---1\Source Code\MS6\BlackBox Testing\InformationTesting1\information\x64\Debug\WhiteBoxTesting.dll" adapterTypeName="executor://cppunittestexecutor/v1" className="PostalCodeTests.WhiteBoxTestCases" name="PostalCodeTests::WhiteBoxTestCases::CapacityLeft_WhiteboxTest5" />
    </UnitTest>
    <UnitTest name="FindTruck_WhiteboxTest5" storage="e:\seneca\sft221\root\fall2024---sft---nhh---1\source code\ms6\blackbox testing\informationtesting1\information\x64\debug\whiteboxtesting.dll" id="65502762-0330-95ff-2af8-014faf248bc2">
      <Execution id="ea0d9ba1-52b1-4355-908a-0a3a66dd165c" />
      <TestMethod codeBase="E:\Seneca\SFT221\Root\Fall2024---SFT---NHH---1\Source Code\MS6\BlackBox Testing\InformationTesting1\information\x64\Debug\WhiteBoxTesting.dll" adapterTypeName="executor://cppunittestexecutor/v1" className="PostalCodeTests.WhiteBoxTestCases" name="PostalCodeTests::WhiteBoxTestCases::FindTruck_WhiteboxTest5" />
    </UnitTest>
    <UnitTest name="PathCalculation_WhiteboxTest3" storage="e:\seneca\sft221\root\fall2024---sft---nhh---1\source code\ms6\blackbox testing\informationtesting1\information\x64\debug\whiteboxtesting.dll" id="98a06626-85b8-6f2e-9db3-2210eba4f287">
      <Execution id="51670ee5-4ea7-4176-ad17-4abd791cd522" />
      <TestMethod codeBase="E:\Seneca\SFT221\Root\Fall2024---SFT---NHH---1\Source Code\MS6\BlackBox Testing\InformationTesting1\information\x64\Debug\WhiteBoxTesting.dll" adapterTypeName="executor://cppunittestexecutor/v1" className="PostalCodeTests.WhiteBoxTestCases" name="PostalCodeTests::WhiteBoxTestCases::PathCalculation_WhiteboxTest3" />
    </UnitTest>
    <UnitTest name="AddRoute_WhiteboxTest2" storage="e:\seneca\sft221\root\fall2024---sft---nhh---1\source code\ms6\blackbox testing\informationtesting1\information\x64\debug\whiteboxtesting.dll" id="30f05fba-314c-1cf0-abfc-23daf6c2e464">
      <Execution id="c182a841-87ee-470b-bd64-3586cd473f50" />
      <TestMethod codeBase="E:\Seneca\SFT221\Root\Fall2024---SFT---NHH---1\Source Code\MS6\BlackBox Testing\InformationTesting1\information\x64\Debug\WhiteBoxTesting.dll" adapterTypeName="executor://cppunittestexecutor/v1" className="PostalCodeTests.WhiteBoxTestCases" name="PostalCodeTests::WhiteBoxTestCases::AddRoute_WhiteboxTest2" />
    </UnitTest>
    <UnitTest name="AddRoute_WhiteboxTest1" storage="e:\seneca\sft221\root\fall2024---sft---nhh---1\source code\ms6\blackbox testing\informationtesting1\information\x64\debug\whiteboxtesting.dll" id="d7e63dad-b677-aa28-32a6-e59b21bb520d">
      <Execution id="7cccf17b-5d66-49a2-ae58-14ace0e50df5" />
      <TestMethod codeBase="E:\Seneca\SFT221\Root\Fall2024---SFT---NHH---1\Source Code\MS6\BlackBox Testing\InformationTesting1\information\x64\Debug\WhiteBoxTesting.dll" adapterTypeName="executor://cppunittestexecutor/v1" className="PostalCodeTests.WhiteBoxTestCases" name="PostalCodeTests::WhiteBoxTestCases::AddRoute_WhiteboxTest1" />
    </UnitTest>
    <UnitTest name="PathCalculation_WhiteboxTest1" storage="e:\seneca\sft221\root\fall2024---sft---nhh---1\source code\ms6\blackbox testing\informationtesting1\information\x64\debug\whiteboxtesting.dll" id="dfa207e9-dd39-b559-5278-b9596764a61b">
      <Execution id="72c8a226-5fd3-429a-a762-1f0b65ff0501" />
      <TestMethod codeBase="E:\Seneca\SFT221\Root\Fall2024---SFT---NHH---1\Source Code\MS6\BlackBox Testing\InformationTesting1\information\x64\Debug\WhiteBoxTesting.dll" adapterTypeName="executor://cppunittestexecutor/v1" className="PostalCodeTests.WhiteBoxTestCases" name="PostalCodeTests::WhiteBoxTestCases::PathCalculation_WhiteboxTest1" />
    </UnitTest>
    <UnitTest name="AddPackage_WhiteboxTest4" storage="e:\seneca\sft221\root\fall2024---sft---nhh---1\source code\ms6\blackbox testing\informationtesting1\information\x64\debug\whiteboxtesting.dll" id="07049e18-b0e4-558a-144d-533e4e9c56f2">
      <Execution id="44317aff-fd5c-4be7-b1dc-8bd3e6d2e9d7" />
      <TestMethod codeBase="E:\Seneca\SFT221\Root\Fall2024---SFT---NHH---1\Source Code\MS6\BlackBox Testing\InformationTesting1\information\x64\Debug\WhiteBoxTesting.dll" adapterTypeName="executor://cppunittestexecutor/v1" className="PostalCodeTests.WhiteBoxTestCases" name="PostalCodeTests::WhiteBoxTestCases::AddPackage_WhiteboxTest4" />
    </UnitTest>
    <UnitTest name="CapacityLeft_WhiteboxTest2" storage="e:\seneca\sft221\root\fall2024---sft---nhh---1\source code\ms6\blackbox testing\informationtesting1\information\x64\debug\whiteboxtesting.dll" id="757522ad-e0c3-cdd3-9a37-cb915a1720c7">
      <Execution id="9f1de5e5-13f4-4d96-8151-f34903a4e181" />
      <TestMethod codeBase="E:\Seneca\SFT221\Root\Fall2024---SFT---NHH---1\Source Code\MS6\BlackBox Testing\InformationTesting1\information\x64\Debug\WhiteBoxTesting.dll" adapterTypeName="executor://cppunittestexecutor/v1" className="PostalCodeTests.WhiteBoxTestCases" name="PostalCodeTests::WhiteBoxTestCases::CapacityLeft_WhiteboxTest2" />
    </UnitTest>
    <UnitTest name="CanAddPackage_WhiteboxTest2" storage="e:\seneca\sft221\root\fall2024---sft---nhh---1\source code\ms6\blackbox testing\informationtesting1\information\x64\debug\whiteboxtesting.dll" id="bd7b8be0-46be-a0b8-0813-2ec125c68159">
      <Execution id="e3139bb0-5f86-4ac0-9d09-73bd311180e2" />
      <TestMethod codeBase="E:\Seneca\SFT221\Root\Fall2024---SFT---NHH---1\Source Code\MS6\BlackBox Testing\InformationTesting1\information\x64\Debug\WhiteBoxTesting.dll" adapterTypeName="executor://cppunittestexecutor/v1" className="PostalCodeTests.WhiteBoxTestCases" name="PostalCodeTests::WhiteBoxTestCases::CanAddPackage_WhiteboxTest2" />
    </UnitTest>
    <UnitTest name="FindTruck_WhiteboxTest1" storage="e:\seneca\sft221\root\fall2024---sft---nhh---1\source code\ms6\blackbox testing\informationtesting1\information\x64\debug\whiteboxtesting.dll" id="f4146999-a9a3-532a-cea0-06f2b907e46a">
      <Execution id="b7da9b24-4d97-4ea9-a619-f1ae65a745bb" />
      <TestMethod codeBase="E:\Seneca\SFT221\Root\Fall2024---SFT---NHH---1\Source Code\MS6\BlackBox Testing\InformationTesting1\information\x64\Debug\WhiteBoxTesting.dll" adapterTypeName="executor://cppunittestexecutor/v1" className="PostalCodeTests.WhiteBoxTestCases" name="PostalCodeTests::WhiteBoxTestCases::FindTruck_WhiteboxTest1" />
    </UnitTest>
    <UnitTest name="CanAddPackage_WhiteboxTest3" storage="e:\seneca\sft221\root\fall2024---sft---nhh---1\source code\ms6\blackbox testing\informationtesting1\information\x64\debug\whiteboxtesting.dll" id="f241ac4d-209d-c9e4-f105-21c24c773690">
      <Execution id="4d9ca4f2-bda2-46b8-8161-773e83e20525" />
      <TestMethod codeBase="E:\Seneca\SFT221\Root\Fall2024---SFT---NHH---1\Source Code\MS6\BlackBox Testing\InformationTesting1\information\x64\Debug\WhiteBoxTesting.dll" adapterTypeName="executor://cppunittestexecutor/v1" className="PostalCodeTests.WhiteBoxTestCases" name="PostalCodeTests::WhiteBoxTestCases::CanAddPackage_WhiteboxTest3" />
    </UnitTest>
    <UnitTest name="AddPackage_WhiteboxTest1" storage="e:\seneca\sft221\root\fall2024---sft---nhh---1\source code\ms6\blackbox testing\informationtesting1\information\x64\debug\whiteboxtesting.dll" id="c9254538-5d7f-dd99-25bd-ee0103ce8b75">
      <Execution id="d48c0cca-c213-465d-9d5f-6f53c3015732" />
      <TestMethod codeBase="E:\Seneca\SFT221\Root\Fall2024---SFT---NHH---1\Source Code\MS6\BlackBox Testing\InformationTesting1\information\x64\Debug\WhiteBoxTesting.dll" adapterTypeName="executor://cppunittestexecutor/v1" className="PostalCodeTests.WhiteBoxTestCases" name="PostalCodeTests::WhiteBoxTestCases::AddPackage_WhiteboxTest1" />
    </UnitTest>
    <UnitTest name="AddPackage_WhiteboxTest5" storage="e:\seneca\sft221\root\fall2024---sft---nhh---1\source code\ms6\blackbox testing\informationtesting1\information\x64\debug\whiteboxtesting.dll" id="4ba3e5f1-0d31-7729-4cd4-98b1e6fbc067">
      <Execution id="81664f89-378c-4e68-b746-a44c7630677f" />
      <TestMethod codeBase="E:\Seneca\SFT221\Root\Fall2024---SFT---NHH---1\Source Code\MS6\BlackBox Testing\InformationTesting1\information\x64\Debug\WhiteBoxTesting.dll" adapterTypeName="executor://cppunittestexecutor/v1" className="PostalCodeTests.WhiteBoxTestCases" name="PostalCodeTests::WhiteBoxTestCases::AddPackage_WhiteboxTest5" />
    </UnitTest>
    <UnitTest name="PathCalculation_WhiteboxTest4" storage="e:\seneca\sft221\root\fall2024---sft---nhh---1\source code\ms6\blackbox testing\informationtesting1\information\x64\debug\whiteboxtesting.dll" id="18026ca5-dd67-c98e-02fe-b919c8253113">
      <Execution id="80cee481-bc88-415d-a68c-8762c4fe5271" />
      <TestMethod codeBase="E:\Seneca\SFT221\Root\Fall2024---SFT---NHH---1\Source Code\MS6\BlackBox Testing\InformationTesting1\information\x64\Debug\WhiteBoxTesting.dll" adapterTypeName="executor://cppunittestexecutor/v1" className="PostalCodeTests.WhiteBoxTestCases" name="PostalCodeTests::WhiteBoxTestCases::PathCalculation_WhiteboxTest4" />
    </UnitTest>
  </TestDefinitions>
  <TestEntries>
    <TestEntry testId="46f2a797-db81-6052-ed2e-07f44ff798fc" executionId="4f4fed6e-464b-4b56-b676-1f71f17a1140" testListId="8c84fa94-04c1-424b-9868-57a2d4851a1d" />
    <TestEntry testId="3c785b4c-2675-6f66-0fbd-c64f69126a61" executionId="bc0a2203-8d96-455e-b287-8c74a6f2cfeb" testListId="8c84fa94-04c1-424b-9868-57a2d4851a1d" />
    <TestEntry testId="bd7b8be0-46be-a0b8-0813-2ec125c68159" executionId="e3139bb0-5f86-4ac0-9d09-73bd311180e2" testListId="8c84fa94-04c1-424b-9868-57a2d4851a1d" />
    <TestEntry testId="d7e63dad-b677-aa28-32a6-e59b21bb520d" executionId="7cccf17b-5d66-49a2-ae58-14ace0e50df5" testListId="8c84fa94-04c1-424b-9868-57a2d4851a1d" />
    <TestEntry testId="502aab4e-d013-9f13-53b5-7b94db51a372" executionId="0d9e1125-409c-4352-9b07-a7ea2fc4fbb4" testListId="8c84fa94-04c1-424b-9868-57a2d4851a1d" />
    <TestEntry testId="222a585a-e090-4c41-2cb3-9169cb727606" executionId="544833ad-aac8-4572-bcd4-533d0fd12ee1" testListId="8c84fa94-04c1-424b-9868-57a2d4851a1d" />
    <TestEntry testId="7c6948e0-4730-e6a1-50c9-1686dfa66ed8" executionId="c9e0d742-0eb8-45f7-9b13-af3881d5289a" testListId="8c84fa94-04c1-424b-9868-57a2d4851a1d" />
    <TestEntry testId="4ba3e5f1-0d31-7729-4cd4-98b1e6fbc067" executionId="81664f89-378c-4e68-b746-a44c7630677f" testListId="8c84fa94-04c1-424b-9868-57a2d4851a1d" />
    <TestEntry testId="dc9aaf32-70e0-80d3-03b1-18393051f757" executionId="22a66b22-7d4b-4e06-ac32-1da12f278bbe" testListId="8c84fa94-04c1-424b-9868-57a2d4851a1d" />
    <TestEntry testId="0ab66137-dcd6-6e27-55c7-b99b06dac8f0" executionId="9c9e223c-a79b-456f-9706-2c78d3004c52" testListId="8c84fa94-04c1-424b-9868-57a2d4851a1d" />
    <TestEntry testId="88e3319b-14de-f210-3671-59c8405eb719" executionId="68e42e6a-926f-44a0-a608-2669b82271a7" testListId="8c84fa94-04c1-424b-9868-57a2d4851a1d" />
    <TestEntry testId="f4146999-a9a3-532a-cea0-06f2b907e46a" executionId="b7da9b24-4d97-4ea9-a619-f1ae65a745bb" testListId="8c84fa94-04c1-424b-9868-57a2d4851a1d" />
    <TestEntry testId="203601d6-8854-1b47-4857-95c6afc7a262" executionId="d0273c22-40cb-4f95-8926-7f19b8cc6e8a" testListId="8c84fa94-04c1-424b-9868-57a2d4851a1d" />
    <TestEntry testId="4dadc1e2-e440-ca83-59ea-9ccdab26d82b" executionId="a0a8b941-6bf8-4ad7-aaab-bf61f8cd2e9c" testListId="8c84fa94-04c1-424b-9868-57a2d4851a1d" />
    <TestEntry testId="dfa207e9-dd39-b559-5278-b9596764a61b" executionId="72c8a226-5fd3-429a-a762-1f0b65ff0501" testListId="8c84fa94-04c1-424b-9868-57a2d4851a1d" />
    <TestEntry testId="70516bec-eef8-f740-432c-013ab1168c39" executionId="cee7aa2f-5c4e-40dc-a60c-31207ac5954a" testListId="8c84fa94-04c1-424b-9868-57a2d4851a1d" />
    <TestEntry testId="6a1e98a8-1e68-bead-22f5-81319ef803e4" executionId="c0f9762b-4654-4830-9959-bca032847a2e" testListId="8c84fa94-04c1-424b-9868-57a2d4851a1d" />
    <TestEntry testId="07049e18-b0e4-558a-144d-533e4e9c56f2" executionId="44317aff-fd5c-4be7-b1dc-8bd3e6d2e9d7" testListId="8c84fa94-04c1-424b-9868-57a2d4851a1d" />
    <TestEntry testId="718069f6-be7d-ec11-b296-7cadb4a4058b" executionId="da9be219-4a13-49b4-b717-7d6fdb01681f" testListId="8c84fa94-04c1-424b-9868-57a2d4851a1d" />
    <TestEntry testId="757522ad-e0c3-cdd3-9a37-cb915a1720c7" executionId="9f1de5e5-13f4-4d96-8151-f34903a4e181" testListId="8c84fa94-04c1-424b-9868-57a2d4851a1d" />
    <TestEntry testId="18026ca5-dd67-c98e-02fe-b919c8253113" executionId="80cee481-bc88-415d-a68c-8762c4fe5271" testListId="8c84fa94-04c1-424b-9868-57a2d4851a1d" />
    <TestEntry testId="98a06626-85b8-6f2e-9db3-2210eba4f287" executionId="51670ee5-4ea7-4176-ad17-4abd791cd522" testListId="8c84fa94-04c1-424b-9868-57a2d4851a1d" />
    <TestEntry testId="c9254538-5d7f-dd99-25bd-ee0103ce8b75" executionId="d48c0cca-c213-465d-9d5f-6f53c3015732" testListId="8c84fa94-04c1-424b-9868-57a2d4851a1d" />
    <TestEntry testId="b5bef3a0-b743-1807-f079-06174e61405e" executionId="595da2e6-fd10-48c9-9121-551b442d66f3" testListId="8c84fa94-04c1-424b-9868-57a2d4851a1d" />
    <TestEntry testId="47aeac93-b782-8343-cb67-362b006a9c41" executionId="2a3caa9f-151b-449e-b700-8bee0a611f2e" testListId="8c84fa94-04c1-424b-9868-57a2d4851a1d" />
    <TestEntry testId="410edcff-7c92-4374-d9f1-fd8b377b7aff" executionId="c080ced7-dfc7-43d0-ae67-654b221815f3" testListId="8c84fa94-04c1-424b-9868-57a2d4851a1d" />
    <TestEntry testId="30f05fba-314c-1cf0-abfc-23daf6c2e464" executionId="c182a841-87ee-470b-bd64-3586cd473f50" testListId="8c84fa94-04c1-424b-9868-57a2d4851a1d" />
    <TestEntry testId="f241ac4d-209d-c9e4-f105-21c24c773690" executionId="4d9ca4f2-bda2-46b8-8161-773e83e20525" testListId="8c84fa94-04c1-424b-9868-57a2d4851a1d" />
    <TestEntry testId="b9b8abf8-05b6-2ac6-2374-51fcd6757f3f" executionId="5d1bcce8-45fe-4d34-abff-2f01fcb3d7e3" testListId="8c84fa94-04c1-424b-9868-57a2d4851a1d" />
    <TestEntry testId="604c5929-7655-7d0b-bdaa-ecf7c0dde43a" executionId="f8cc7746-dc5a-4fc6-87e9-f636932acb14" testListId="8c84fa94-04c1-424b-9868-57a2d4851a1d" />
    <TestEntry testId="704bb894-101d-98c7-e823-d6d9a9b555b5" executionId="6ba4aba9-3439-4ecc-8943-b7e053eed00a" testListId="8c84fa94-04c1-424b-9868-57a2d4851a1d" />
    <TestEntry testId="8a3ba3bd-a41e-7aa6-7b4d-fac1f19f322b" executionId="f57a2ae9-5ad2-49df-86f0-7dc847568790" testListId="8c84fa94-04c1-424b-9868-57a2d4851a1d" />
    <TestEntry testId="ccab0bb0-004c-559c-118e-8fabe04cdc6c" executionId="224fa0c4-56c3-4371-8f9b-73b75778f353" testListId="8c84fa94-04c1-424b-9868-57a2d4851a1d" />
    <TestEntry testId="ef3a59d9-9109-eeaf-ca40-a11d0876e16a" executionId="cba27537-6252-4b55-95fb-519176121c9e" testListId="8c84fa94-04c1-424b-9868-57a2d4851a1d" />
    <TestEntry testId="65502762-0330-95ff-2af8-014faf248bc2" executionId="ea0d9ba1-52b1-4355-908a-0a3a66dd165c" testListId="8c84fa94-04c1-424b-9868-57a2d4851a1d" />
  </TestEntries>
  <TestLists>
    <TestList name="Results Not in a List" id="8c84fa94-04c1-424b-9868-57a2d4851a1d" />
    <TestList name="All Loaded Results" id="19431567-8539-422a-85d7-44ee4e166bda" />
  </TestLists>
  <ResultSummary outcome="Completed">
    <Counters total="35" executed="35" passed="35" failed="0" error="0" timeout="0" aborted="0" inconclusive="0" passedButRunAborted="0" notRunnable="0" notExecuted="0" disconnected="0" warning="0" completed="0" inProgress="0" pending="0" />
  </ResultSummary>
</TestRun>